../Core/Src/main.c:84:5:main	8	static
../Core/Src/main.c:137:6:SystemClock_Config	96	static
../Core/Src/main.c:189:13:MX_I2C1_Init	8	static
../Core/Src/main.c:237:13:MX_SAI1_Init	8	static
../Core/Src/main.c:290:13:MX_SPI2_Init	8	static
../Core/Src/main.c:330:13:MX_USART2_UART_Init	8	static
../Core/Src/main.c:378:13:MX_USART3_UART_Init	8	static
../Core/Src/main.c:426:13:MX_USB_OTG_FS_PCD_Init	8	static
../Core/Src/main.c:457:13:MX_FMC_Init	40	static
../Core/Src/main.c:517:13:MX_GPIO_Init	64	static
../Core/Src/main.c:755:6:Error_Handler	4	static,ignoring_inline_asm
