../Core/Src/stm32l4xx_hal_msp.c:63:6:HAL_MspInit	16	static
../Core/Src/stm32l4xx_hal_msp.c:86:6:HAL_I2C_MspInit	208	static
../Core/Src/stm32l4xx_hal_msp.c:142:6:HAL_I2C_MspDeInit	16	static
../Core/Src/stm32l4xx_hal_msp.c:173:6:HAL_SPI_MspInit	48	static
../Core/Src/stm32l4xx_hal_msp.c:220:6:HAL_SPI_MspDeInit	16	static
../Core/Src/stm32l4xx_hal_msp.c:253:6:HAL_UART_MspInit	216	static
../Core/Src/stm32l4xx_hal_msp.c:343:6:HAL_UART_MspDeInit	16	static
../Core/Src/stm32l4xx_hal_msp.c:393:6:HAL_PCD_MspInit	208	static
../Core/Src/stm32l4xx_hal_msp.c:459:6:HAL_PCD_MspDeInit	24	static
../Core/Src/stm32l4xx_hal_msp.c:497:13:HAL_FMC_MspInit	32	static
../Core/Src/stm32l4xx_hal_msp.c:606:6:HAL_SRAM_MspInit	16	static
../Core/Src/stm32l4xx_hal_msp.c:618:13:HAL_FMC_MspDeInit	8	static
../Core/Src/stm32l4xx_hal_msp.c:700:6:HAL_SRAM_MspDeInit	16	static
../Core/Src/stm32l4xx_hal_msp.c:712:6:HAL_SAI_MspInit	200	static
../Core/Src/stm32l4xx_hal_msp.c:768:6:HAL_SAI_MspDeInit	16	static
